Command line invocation:
    /Applications/Xcode.app/Contents/Developer/usr/bin/xcodebuild -scheme AirpodsMove -destination platform=macOS build

2025-12-13 17:39:12.633 xcodebuild[6864:173773] [MT] IDERunDestination: Supported platforms for the buildables in the current scheme is empty.
--- xcodebuild: WARNING: Using the first of multiple matching destinations:
{ platform:macOS, arch:arm64, id:00008112-001C18EE3E3BC01E, name:My Mac }
{ platform:macOS, arch:x86_64, id:00008112-001C18EE3E3BC01E, name:My Mac }
ComputePackagePrebuildTargetDependencyGraph

Prepare packages

CreateBuildRequest

SendProjectDescription

CreateBuildOperation

ComputeTargetDependencyGraph
note: Building targets in dependency order
note: Target dependency graph (1 target)
    Target 'AirpodsMove' in project 'AirpodsMove' (no dependencies)

GatherProvisioningInputs

CreateBuildDescription

ExecuteExternalTool /Applications/Xcode.app/Contents/Developer/usr/bin/actool --version --output-format xml1

ExecuteExternalTool /Applications/Xcode.app/Contents/Developer/Toolchains/XcodeDefault.xctoolchain/usr/bin/swiftc --version

ExecuteExternalTool /Applications/Xcode.app/Contents/Developer/Toolchains/XcodeDefault.xctoolchain/usr/bin/ld -version_details

Build description signature: a61948ca8deb980efda070788ae82e67
Build description path: /Users/avinash/Library/Developer/Xcode/DerivedData/AirpodsMove-fturllfvpgzmymdoorfcrlzszmmv/Build/Intermediates.noindex/XCBuildData/a61948ca8deb980efda070788ae82e67.xcbuilddata
/Users/avinash/Desktop/Air mouse/AirpodsMove/AirpodsMove.xcodeproj: warning: The Copy Bundle Resources build phase contains this target's Info.plist file '/Users/avinash/Desktop/Air mouse/AirpodsMove/AirpodsMove/Info.plist'. (in target 'AirpodsMove' from project 'AirpodsMove')
ProcessProductPackaging "" /Users/avinash/Library/Developer/Xcode/DerivedData/AirpodsMove-fturllfvpgzmymdoorfcrlzszmmv/Build/Intermediates.noindex/AirpodsMove.build/Debug/AirpodsMove.build/AirpodsMove.app.xcent (in target 'AirpodsMove' from project 'AirpodsMove')
    cd /Users/avinash/Desktop/Air\ mouse/AirpodsMove
    
    Entitlements:
    
    {
    "com.apple.security.app-sandbox" = 1;
    "com.apple.security.files.user-selected.read-only" = 1;
    "com.apple.security.get-task-allow" = 1;
}
    
    builtin-productPackagingUtility -entitlements -format xml -o /Users/avinash/Library/Developer/Xcode/DerivedData/AirpodsMove-fturllfvpgzmymdoorfcrlzszmmv/Build/Intermediates.noindex/AirpodsMove.build/Debug/AirpodsMove.build/AirpodsMove.app.xcent

ProcessProductPackagingDER /Users/avinash/Library/Developer/Xcode/DerivedData/AirpodsMove-fturllfvpgzmymdoorfcrlzszmmv/Build/Intermediates.noindex/AirpodsMove.build/Debug/AirpodsMove.build/AirpodsMove.app.xcent /Users/avinash/Library/Developer/Xcode/DerivedData/AirpodsMove-fturllfvpgzmymdoorfcrlzszmmv/Build/Intermediates.noindex/AirpodsMove.build/Debug/AirpodsMove.build/AirpodsMove.app.xcent.der (in target 'AirpodsMove' from project 'AirpodsMove')
    cd /Users/avinash/Desktop/Air\ mouse/AirpodsMove
    /usr/bin/derq query -f xml -i /Users/avinash/Library/Developer/Xcode/DerivedData/AirpodsMove-fturllfvpgzmymdoorfcrlzszmmv/Build/Intermediates.noindex/AirpodsMove.build/Debug/AirpodsMove.build/AirpodsMove.app.xcent -o /Users/avinash/Library/Developer/Xcode/DerivedData/AirpodsMove-fturllfvpgzmymdoorfcrlzszmmv/Build/Intermediates.noindex/AirpodsMove.build/Debug/AirpodsMove.build/AirpodsMove.app.xcent.der --raw

SwiftDriver AirpodsMove normal arm64 com.apple.xcode.tools.swift.compiler (in target 'AirpodsMove' from project 'AirpodsMove')
    cd /Users/avinash/Desktop/Air\ mouse/AirpodsMove
    builtin-SwiftDriver -- /Applications/Xcode.app/Contents/Developer/Toolchains/XcodeDefault.xctoolchain/usr/bin/swiftc -module-name AirpodsMove -Onone -enforce-exclusivity\=checked @/Users/avinash/Library/Developer/Xcode/DerivedData/AirpodsMove-fturllfvpgzmymdoorfcrlzszmmv/Build/Intermediates.noindex/AirpodsMove.build/Debug/AirpodsMove.build/Objects-normal/arm64/AirpodsMove.SwiftFileList -DDEBUG -default-isolation\=MainActor -enable-bare-slash-regex -enable-upcoming-feature DisableOutwardActorInference -enable-upcoming-feature InferSendableFromCaptures -enable-upcoming-feature GlobalActorIsolatedTypesUsability -enable-upcoming-feature MemberImportVisibility -enable-upcoming-feature InferIsolatedConformances -enable-upcoming-feature NonisolatedNonsendingByDefault -enable-experimental-feature DebugDescriptionMacro -sdk /Applications/Xcode.app/Contents/Developer/Platforms/MacOSX.platform/Developer/SDKs/MacOSX26.1.sdk -target arm64-apple-macos15.6 -g -module-cache-path /Users/avinash/Library/Developer/Xcode/DerivedData/ModuleCache.noindex -Xfrontend -serialize-debugging-options -profile-coverage-mapping -profile-generate -enable-testing -index-store-path /Users/avinash/Library/Developer/Xcode/DerivedData/AirpodsMove-fturllfvpgzmymdoorfcrlzszmmv/Index.noindex/DataStore -Xcc -D_LIBCPP_HARDENING_MODE\=_LIBCPP_HARDENING_MODE_DEBUG -swift-version 5 -I /Users/avinash/Library/Developer/Xcode/DerivedData/AirpodsMove-fturllfvpgzmymdoorfcrlzszmmv/Build/Products/Debug -F /Users/avinash/Library/Developer/Xcode/DerivedData/AirpodsMove-fturllfvpgzmymdoorfcrlzszmmv/Build/Products/Debug -emit-localized-strings -emit-localized-strings-path /Users/avinash/Library/Developer/Xcode/DerivedData/AirpodsMove-fturllfvpgzmymdoorfcrlzszmmv/Build/Intermediates.noindex/AirpodsMove.build/Debug/AirpodsMove.build/Objects-normal/arm64 -c -j8 -enable-batch-mode -incremental -output-file-map /Users/avinash/Library/Developer/Xcode/DerivedData/AirpodsMove-fturllfvpgzmymdoorfcrlzszmmv/Build/Intermediates.noindex/AirpodsMove.build/Debug/AirpodsMove.build/Objects-normal/arm64/AirpodsMove-OutputFileMap.json -use-frontend-parseable-output -save-temps -no-color-diagnostics -explicit-module-build -module-cache-path /Users/avinash/Library/Developer/Xcode/DerivedData/AirpodsMove-fturllfvpgzmymdoorfcrlzszmmv/Build/Intermediates.noindex/SwiftExplicitPrecompiledModules -clang-scanner-module-cache-path /Users/avinash/Library/Developer/Xcode/DerivedData/ModuleCache.noindex -sdk-module-cache-path /Users/avinash/Library/Developer/Xcode/DerivedData/ModuleCache.noindex -serialize-diagnostics -emit-dependencies -emit-module -emit-module-path /Users/avinash/Library/Developer/Xcode/DerivedData/AirpodsMove-fturllfvpgzmymdoorfcrlzszmmv/Build/Intermediates.noindex/AirpodsMove.build/Debug/AirpodsMove.build/Objects-normal/arm64/AirpodsMove.swiftmodule -validate-clang-modules-once -clang-build-session-file /Users/avinash/Library/Developer/Xcode/DerivedData/ModuleCache.noindex/Session.modulevalidation -Xcc -I/Users/avinash/Library/Developer/Xcode/DerivedData/AirpodsMove-fturllfvpgzmymdoorfcrlzszmmv/Build/Intermediates.noindex/AirpodsMove.build/Debug/AirpodsMove.build/swift-overrides.hmap -emit-const-values -Xfrontend -const-gather-protocols-file -Xfrontend /Users/avinash/Library/Developer/Xcode/DerivedData/AirpodsMove-fturllfvpgzmymdoorfcrlzszmmv/Build/Intermediates.noindex/AirpodsMove.build/Debug/AirpodsMove.build/Objects-normal/arm64/AirpodsMove_const_extract_protocols.json -Xcc -iquote -Xcc /Users/avinash/Library/Developer/Xcode/DerivedData/AirpodsMove-fturllfvpgzmymdoorfcrlzszmmv/Build/Intermediates.noindex/AirpodsMove.build/Debug/AirpodsMove.build/AirpodsMove-generated-files.hmap -Xcc -I/Users/avinash/Library/Developer/Xcode/DerivedData/AirpodsMove-fturllfvpgzmymdoorfcrlzszmmv/Build/Intermediates.noindex/AirpodsMove.build/Debug/AirpodsMove.build/AirpodsMove-own-target-headers.hmap -Xcc -I/Users/avinash/Library/Developer/Xcode/DerivedData/AirpodsMove-fturllfvpgzmymdoorfcrlzszmmv/Build/Intermediates.noindex/AirpodsMove.build/Debug/AirpodsMove.build/AirpodsMove-all-target-headers.hmap -Xcc -iquote -Xcc /Users/avinash/Library/Developer/Xcode/DerivedData/AirpodsMove-fturllfvpgzmymdoorfcrlzszmmv/Build/Intermediates.noindex/AirpodsMove.build/Debug/AirpodsMove.build/AirpodsMove-project-headers.hmap -Xcc -I/Users/avinash/Library/Developer/Xcode/DerivedData/AirpodsMove-fturllfvpgzmymdoorfcrlzszmmv/Build/Products/Debug/include -Xcc -I/Users/avinash/Library/Developer/Xcode/DerivedData/AirpodsMove-fturllfvpgzmymdoorfcrlzszmmv/Build/Intermediates.noindex/AirpodsMove.build/Debug/AirpodsMove.build/DerivedSources-normal/arm64 -Xcc -I/Users/avinash/Library/Developer/Xcode/DerivedData/AirpodsMove-fturllfvpgzmymdoorfcrlzszmmv/Build/Intermediates.noindex/AirpodsMove.build/Debug/AirpodsMove.build/DerivedSources/arm64 -Xcc -I/Users/avinash/Library/Developer/Xcode/DerivedData/AirpodsMove-fturllfvpgzmymdoorfcrlzszmmv/Build/Intermediates.noindex/AirpodsMove.build/Debug/AirpodsMove.build/DerivedSources -Xcc -DDEBUG\=1 -emit-objc-header -emit-objc-header-path /Users/avinash/Library/Developer/Xcode/DerivedData/AirpodsMove-fturllfvpgzmymdoorfcrlzszmmv/Build/Intermediates.noindex/AirpodsMove.build/Debug/AirpodsMove.build/Objects-normal/arm64/AirpodsMove-Swift.h -working-directory /Users/avinash/Desktop/Air\ mouse/AirpodsMove -experimental-emit-module-separately -disable-cmo

ProcessInfoPlistFile /Users/avinash/Library/Developer/Xcode/DerivedData/AirpodsMove-fturllfvpgzmymdoorfcrlzszmmv/Build/Products/Debug/AirpodsMove.app/Contents/Info.plist /Users/avinash/Desktop/Air\ mouse/AirpodsMove/AirpodsMove/Info.plist (in target 'AirpodsMove' from project 'AirpodsMove')
    cd /Users/avinash/Desktop/Air\ mouse/AirpodsMove
    builtin-infoPlistUtility /Users/avinash/Desktop/Air\ mouse/AirpodsMove/AirpodsMove/Info.plist -producttype com.apple.product-type.application -genpkginfo /Users/avinash/Library/Developer/Xcode/DerivedData/AirpodsMove-fturllfvpgzmymdoorfcrlzszmmv/Build/Products/Debug/AirpodsMove.app/Contents/PkgInfo -expandbuildsettings -platform macosx -additionalcontentfile /Users/avinash/Library/Developer/Xcode/DerivedData/AirpodsMove-fturllfvpgzmymdoorfcrlzszmmv/Build/Intermediates.noindex/AirpodsMove.build/Debug/AirpodsMove.build/assetcatalog_generated_info.plist -o /Users/avinash/Library/Developer/Xcode/DerivedData/AirpodsMove-fturllfvpgzmymdoorfcrlzszmmv/Build/Products/Debug/AirpodsMove.app/Contents/Info.plist

SwiftCompile normal arm64 Compiling\ ContentView.swift /Users/avinash/Desktop/Air\ mouse/AirpodsMove/AirpodsMove/ContentView.swift (in target 'AirpodsMove' from project 'AirpodsMove')

SwiftCompile normal arm64 /Users/avinash/Desktop/Air\ mouse/AirpodsMove/AirpodsMove/ContentView.swift (in target 'AirpodsMove' from project 'AirpodsMove')
    cd /Users/avinash/Desktop/Air\ mouse/AirpodsMove
    
/Users/avinash/Desktop/Air mouse/AirpodsMove/AirpodsMove/ContentView.swift:183:10: warning: 'onChange(of:perform:)' was deprecated in macOS 14.0: Use `onChange` with a two or zero parameter action closure instead.
        .onChange(of: actionController.gestureSettings.values.map { $0.sensitivity }) { _ in
         ^
/Users/avinash/Desktop/Air mouse/AirpodsMove/AirpodsMove/ContentView.swift:186:10: warning: 'onChange(of:perform:)' was deprecated in macOS 14.0: Use `onChange` with a two or zero parameter action closure instead.
        .onChange(of: actionController.wakeMeSettings.sensitivity) { _ in
         ^
/Users/avinash/Desktop/Air mouse/AirpodsMove/AirpodsMove/ContentView.swift:189:10: warning: 'onChange(of:perform:)' was deprecated in macOS 14.0: Use `onChange` with a two or zero parameter action closure instead.
        .onChange(of: actionController.wakeMeSettings.timeout) { _ in
         ^
/Users/avinash/Desktop/Air mouse/AirpodsMove/AirpodsMove/ContentView.swift:192:10: warning: 'onChange(of:perform:)' was deprecated in macOS 14.0: Use `onChange` with a two or zero parameter action closure instead.
        .onChange(of: actionController.wakeMeSettings.isEnabled) { _ in
         ^
/Users/avinash/Desktop/Air mouse/AirpodsMove/AirpodsMove/ContentView.swift:597:51: error: incorrect argument label in call (have 'direction:', expected 'for:')
                    actionController.toggleGesture(direction: direction)
                                                  ^~~~~~~~~~
                                                   for
/Users/avinash/Desktop/Air mouse/AirpodsMove/AirpodsMove/ContentView.swift:757:18: warning: 'onChange(of:perform:)' was deprecated in macOS 14.0: Use `onChange` with a two or zero parameter action closure instead.
                .onChange(of: soundName) { newSound in
                 ^

Failed frontend command:
/Applications/Xcode.app/Contents/Developer/Toolchains/XcodeDefault.xctoolchain/usr/bin/swift-frontend -frontend -c /Users/avinash/Desktop/Air\ mouse/AirpodsMove/AirpodsMove/ActionController.swift /Users/avinash/Desktop/Air\ mouse/AirpodsMove/AirpodsMove/AirpodsMoveApp.swift -primary-file /Users/avinash/Desktop/Air\ mouse/AirpodsMove/AirpodsMove/ContentView.swift /Users/avinash/Desktop/Air\ mouse/AirpodsMove/AirpodsMove/GestureRecognizer.swift /Users/avinash/Desktop/Air\ mouse/AirpodsMove/AirpodsMove/MotionViewModel.swift /Users/avinash/Library/Developer/Xcode/DerivedData/AirpodsMove-fturllfvpgzmymdoorfcrlzszmmv/Build/Intermediates.noindex/AirpodsMove.build/Debug/AirpodsMove.build/DerivedSources/GeneratedAssetSymbols.swift -emit-dependencies-path /Users/avinash/Library/Developer/Xcode/DerivedData/AirpodsMove-fturllfvpgzmymdoorfcrlzszmmv/Build/Intermediates.noindex/AirpodsMove.build/Debug/AirpodsMove.build/Objects-normal/arm64/ContentView.d -emit-const-values-path /Users/avinash/Library/Developer/Xcode/DerivedData/AirpodsMove-fturllfvpgzmymdoorfcrlzszmmv/Build/Intermediates.noindex/AirpodsMove.build/Debug/AirpodsMove.build/Objects-normal/arm64/ContentView.swiftconstvalues -emit-reference-dependencies-path /Users/avinash/Library/Developer/Xcode/DerivedData/AirpodsMove-fturllfvpgzmymdoorfcrlzszmmv/Build/Intermediates.noindex/AirpodsMove.build/Debug/AirpodsMove.build/Objects-normal/arm64/ContentView.swiftdeps -serialize-diagnostics-path /Users/avinash/Library/Developer/Xcode/DerivedData/AirpodsMove-fturllfvpgzmymdoorfcrlzszmmv/Build/Intermediates.noindex/AirpodsMove.build/Debug/AirpodsMove.build/Objects-normal/arm64/ContentView.dia -emit-localized-strings -emit-localized-strings-path /Users/avinash/Library/Developer/Xcode/DerivedData/AirpodsMove-fturllfvpgzmymdoorfcrlzszmmv/Build/Intermediates.noindex/AirpodsMove.build/Debug/AirpodsMove.build/Objects-normal/arm64 -target arm64-apple-macos15.6 -module-can-import-version AppKit 2685.20.119 2685.20.119 -module-can-import-version DeveloperToolsSupport 23.0.4 23.0.4 -module-can-import-version SwiftUI 7.1.13.1 7.1.13 -load-resolved-plugin /Applications/Xcode.app/Contents/Developer/Platforms/MacOSX.platform/Developer/usr/lib/swift/host/plugins/libFoundationMacros.dylib\#/Applications/Xcode.app/Contents/Developer/Platforms/MacOSX.platform/Developer/usr/bin/swift-plugin-server\#FoundationMacros -load-resolved-plugin /Applications/Xcode.app/Contents/Developer/Platforms/MacOSX.platform/Developer/usr/lib/swift/host/plugins/libObservationMacros.dylib\#/Applications/Xcode.app/Contents/Developer/Platforms/MacOSX.platform/Developer/usr/bin/swift-plugin-server\#ObservationMacros -load-resolved-plugin /Applications/Xcode.app/Contents/Developer/Platforms/MacOSX.platform/Developer/usr/lib/swift/host/plugins/libPreviewsMacros.dylib\#/Applications/Xcode.app/Contents/Developer/Platforms/MacOSX.platform/Developer/usr/bin/swift-plugin-server\#PreviewsMacros -load-resolved-plugin /Applications/Xcode.app/Contents/Developer/Platforms/MacOSX.platform/Developer/usr/lib/swift/host/plugins/libSwiftMacros.dylib\#/Applications/Xcode.app/Contents/Developer/Platforms/MacOSX.platform/Developer/usr/bin/swift-plugin-server\#SwiftMacros -load-resolved-plugin /Applications/Xcode.app/Contents/Developer/Platforms/MacOSX.platform/Developer/usr/lib/swift/host/plugins/libSwiftUIMacros.dylib\#/Applications/Xcode.app/Contents/Developer/Platforms/MacOSX.platform/Developer/usr/bin/swift-plugin-server\#SwiftUIMacros -disable-implicit-swift-modules -Xcc -fno-implicit-modules -Xcc -fno-implicit-module-maps -explicit-swift-module-map-file /Users/avinash/Library/Developer/Xcode/DerivedData/AirpodsMove-fturllfvpgzmymdoorfcrlzszmmv/Build/Intermediates.noindex/AirpodsMove.build/Debug/AirpodsMove.build/Objects-normal/arm64/AirpodsMove-dependencies-1.json -Xllvm -aarch64-use-tbi -enable-objc-interop -stack-check -sdk /Applications/Xcode.app/Contents/Developer/Platforms/MacOSX.platform/Developer/SDKs/MacOSX26.1.sdk -I /Users/avinash/Library/Developer/Xcode/DerivedData/AirpodsMove-fturllfvpgzmymdoorfcrlzszmmv/Build/Products/Debug -F /Users/avinash/Library/Developer/Xcode/DerivedData/AirpodsMove-fturllfvpgzmymdoorfcrlzszmmv/Build/Products/Debug -no-color-diagnostics -Xcc -fno-color-diagnostics -enable-testing -g -debug-info-format\=dwarf -dwarf-version\=5 -module-cache-path /Users/avinash/Library/Developer/Xcode/DerivedData/AirpodsMove-fturllfvpgzmymdoorfcrlzszmmv/Build/Intermediates.noindex/SwiftExplicitPrecompiledModules -profile-generate -profile-coverage-mapping -swift-version 5 -enforce-exclusivity\=checked -Onone -D DEBUG -serialize-debugging-options -const-gather-protocols-file /Users/avinash/Library/Developer/Xcode/DerivedData/AirpodsMove-fturllfvpgzmymdoorfcrlzszmmv/Build/Intermediates.noindex/AirpodsMove.build/Debug/AirpodsMove.build/Objects-normal/arm64/AirpodsMove_const_extract_protocols.json -enable-upcoming-feature DisableOutwardActorInference -enable-upcoming-feature InferSendableFromCaptures -enable-upcoming-feature GlobalActorIsolatedTypesUsability -enable-upcoming-feature MemberImportVisibility -enable-upcoming-feature InferIsolatedConformances -enable-upcoming-feature NonisolatedNonsendingByDefault -enable-experimental-feature DebugDescriptionMacro -enable-bare-slash-regex -default-isolation\=MainActor -empty-abi-descriptor -validate-clang-modules-once -clang-build-session-file /Users/avinash/Library/Developer/Xcode/DerivedData/ModuleCache.noindex/Session.modulevalidation -Xcc -working-directory -Xcc /Users/avinash/Desktop/Air\ mouse/AirpodsMove -enable-anonymous-context-mangled-names -file-compilation-dir /Users/avinash/Desktop/Air\ mouse/AirpodsMove -Xcc -D_LIBCPP_HARDENING_MODE\=_LIBCPP_HARDENING_MODE_DEBUG -Xcc -I/Users/avinash/Library/Developer/Xcode/DerivedData/AirpodsMove-fturllfvpgzmymdoorfcrlzszmmv/Build/Intermediates.noindex/AirpodsMove.build/Debug/AirpodsMove.build/swift-overrides.hmap -Xcc -iquote -Xcc /Users/avinash/Library/Developer/Xcode/DerivedData/AirpodsMove-fturllfvpgzmymdoorfcrlzszmmv/Build/Intermediates.noindex/AirpodsMove.build/Debug/AirpodsMove.build/AirpodsMove-generated-files.hmap -Xcc -I/Users/avinash/Library/Developer/Xcode/DerivedData/AirpodsMove-fturllfvpgzmymdoorfcrlzszmmv/Build/Intermediates.noindex/AirpodsMove.build/Debug/AirpodsMove.build/AirpodsMove-own-target-headers.hmap -Xcc -I/Users/avinash/Library/Developer/Xcode/DerivedData/AirpodsMove-fturllfvpgzmymdoorfcrlzszmmv/Build/Intermediates.noindex/AirpodsMove.build/Debug/AirpodsMove.build/AirpodsMove-all-target-headers.hmap -Xcc -iquote -Xcc /Users/avinash/Library/Developer/Xcode/DerivedData/AirpodsMove-fturllfvpgzmymdoorfcrlzszmmv/Build/Intermediates.noindex/AirpodsMove.build/Debug/AirpodsMove.build/AirpodsMove-project-headers.hmap -Xcc -I/Users/avinash/Library/Developer/Xcode/DerivedData/AirpodsMove-fturllfvpgzmymdoorfcrlzszmmv/Build/Products/Debug/include -Xcc -I/Users/avinash/Library/Developer/Xcode/DerivedData/AirpodsMove-fturllfvpgzmymdoorfcrlzszmmv/Build/Intermediates.noindex/AirpodsMove.build/Debug/AirpodsMove.build/DerivedSources-normal/arm64 -Xcc -I/Users/avinash/Library/Developer/Xcode/DerivedData/AirpodsMove-fturllfvpgzmymdoorfcrlzszmmv/Build/Intermediates.noindex/AirpodsMove.build/Debug/AirpodsMove.build/DerivedSources/arm64 -Xcc -I/Users/avinash/Library/Developer/Xcode/DerivedData/AirpodsMove-fturllfvpgzmymdoorfcrlzszmmv/Build/Intermediates.noindex/AirpodsMove.build/Debug/AirpodsMove.build/DerivedSources -Xcc -DDEBUG\=1 -no-auto-bridging-header-chaining -module-name AirpodsMove -frontend-parseable-output -disable-clang-spi -target-sdk-version 26.1 -target-sdk-name macosx26.1 -clang-target arm64-apple-macos26.1 -in-process-plugin-server-path /Applications/Xcode.app/Contents/Developer/Toolchains/XcodeDefault.xctoolchain/usr/lib/swift/host/libSwiftInProcPluginServer.dylib -o /Users/avinash/Library/Developer/Xcode/DerivedData/AirpodsMove-fturllfvpgzmymdoorfcrlzszmmv/Build/Intermediates.noindex/AirpodsMove.build/Debug/AirpodsMove.build/Objects-normal/arm64/ContentView.o -index-unit-output-path /AirpodsMove.build/Debug/AirpodsMove.build/Objects-normal/arm64/ContentView.o -index-store-path /Users/avinash/Library/Developer/Xcode/DerivedData/AirpodsMove-fturllfvpgzmymdoorfcrlzszmmv/Index.noindex/DataStore -index-system-modules
SwiftEmitModule normal arm64 Emitting\ module\ for\ AirpodsMove (in target 'AirpodsMove' from project 'AirpodsMove')

EmitSwiftModule normal arm64 (in target 'AirpodsMove' from project 'AirpodsMove')
    cd /Users/avinash/Desktop/Air\ mouse/AirpodsMove
    

** BUILD FAILED **


The following build commands failed:
	SwiftCompile normal arm64 /Users/avinash/Desktop/Air\ mouse/AirpodsMove/AirpodsMove/ContentView.swift (in target 'AirpodsMove' from project 'AirpodsMove')
	SwiftCompile normal arm64 Compiling\ ContentView.swift /Users/avinash/Desktop/Air\ mouse/AirpodsMove/AirpodsMove/ContentView.swift (in target 'AirpodsMove' from project 'AirpodsMove')
	Building project AirpodsMove with scheme AirpodsMove
(3 failures)
